[12:31:33] [main/INFO] (FabricLoader/GameProvider) Loading Minecraft 1.20.1 with Fabric Loader 0.19.5
[12:31:34] [main/INFO] (FabricLoader) Loading 64 mods:
	- baritone 1.10.5
	- fabric-api 0.92.12+1.20.1
	- fabric-api-base 0.4.32+1802ada577
	- fabric-api-lookup-api-v1 1.6.37+1802ada577
	- fabric-biome-api-v1 13.0.15+93aa238b77
	- fabric-block-api-v1 1.0.12+1802ada577
	- fabric-block-view-api-v2 1.0.3+924f046a77
	- fabric-blockrenderlayer-v1 1.1.42+1802ada577
	- fabric-client-tags-api-v1 1.2.0+238242b777
	- fabric-command-api-v1 1.2.35+f71b366f77
	- fabric-command-api-v2 2.2.14+1802ada577
	- fabric-commands-v0 0.2.52+df3654b377
	- fabric-containers-v0 0.1.68+df3654b377
	- fabric-content-registries-v0 4.0.13+1802ada577
	- fabric-convention-tags-v1 1.5.6+1802ada577
	- fabric-crash-report-info-v1 0.2.20+1802ada577
	- fabric-data-attachment-api-v1 1.0.2+de0fd6d177
	- fabric-data-generation-api-v1 12.4.0+238242b777
	- fabric-dimensions-v1 2.1.55+1802ada577
	- fabric-entity-events-v1 1.6.1+1c78457f77
	- fabric-events-interaction-v0 0.6.6+13a40c6677
	- fabric-events-lifecycle-v0 0.2.64+df3654b377
	- fabric-game-rule-api-v1 1.0.41+1802ada577
	- fabric-gametest-api-v1 1.2.15+1802ada577
	- fabric-item-api-v1 2.1.29+1802ada577
	- fabric-item-group-api-v1 4.0.14+1802ada577
	- fabric-key-binding-api-v1 1.0.38+1802ada577
	- fabric-keybindings-v0 0.2.36+df3654b377
	- fabric-lifecycle-events-v1 2.2.23+1802ada577
	- fabric-loot-api-v2 1.2.3+1802ada577
	- fabric-loot-tables-v1 1.1.47+9e7660c677
	- fabric-message-api-v1 5.1.10+1802ada577
	- fabric-mining-level-api-v1 2.1.52+1802ada577
	- fabric-model-loading-api-v1 1.0.4+1802ada577
	- fabric-models-v0 0.4.3+9386d8a777
	- fabric-networking-api-v1 1.3.15+0caff8d077
	- fabric-networking-v0 0.3.55+df3654b377
	- fabric-object-builder-api-v1 11.1.5+e35120df77
	- fabric-particles-v1 1.1.3+1802ada577
	- fabric-recipe-api-v1 1.0.25+1802ada577
	- fabric-registry-sync-v0 2.4.1+4c0a70e677
	- fabric-renderer-api-v1 3.2.2+1802ada577
	- fabric-renderer-indigo 1.5.3+85287f9f77
	- fabric-renderer-registries-v1 3.2.48+df3654b377
	- fabric-rendering-data-attachment-v1 0.3.39+92a0d36777
	- fabric-rendering-fluids-v1 3.0.29+1802ada577
	- fabric-rendering-v0 1.1.51+df3654b377
	- fabric-rendering-v1 3.0.10+54550fb677
	- fabric-resource-conditions-api-v1 2.3.9+1802ada577
	- fabric-resource-loader-v0 0.11.12+fb82e9d777
	- fabric-screen-api-v1 2.0.9+1802ada577
	- fabric-screen-handler-api-v1 1.3.34+1802ada577
	- fabric-sound-api-v1 1.0.14+1802ada577
	- fabric-tag-api-v1 1.3.0+238242b777
	- fabric-transfer-api-v1 3.3.6+8dd72ea377
	- fabric-transitive-access-wideners-v1 4.3.2+1802ada577
	- fabricloader 0.19.5
	- java 21
	- lazymaterialgathering 0.0.4-1.20.1
	- litematica 0.15.4
	- malilib 0.16.0
	- minecraft 1.20.1
	- mixinextras 0.5.5
	- modmenu 7.2.2
[12:31:41] [main/INFO] (FabricLoader/Mixin) SpongePowered MIXIN Subsystem Version=0.8.7 Source=file:/C:/Users/stellar/.gradle/caches/modules-2/files-2.1/net.fabricmc/sponge-mixin/0.17.4+mixin.0.8.7/5f66cc9f59b8efaa942155a3d5a30599bf6640dd/sponge-mixin-0.17.4+mixin.0.8.7.jar Service=Knot/Fabric Env=CLIENT
[12:31:42] [main/INFO] (FabricLoader/Mixin) Loaded Fabric development mappings for mixin remapper!
[12:31:44] [main/INFO] (FabricLoader/MixinExtras|Service) Initializing MixinExtras via com.llamalad7.mixinextras.service.MixinExtrasServiceImpl(version=0.5.5).
[12:31:55] [Datafixer Bootstrap/INFO] (Minecraft) 188 Datafixer optimizations took 395 milliseconds
[12:31:59] [Render thread/INFO] (Minecraft) [STDERR]: [LWJGL] [ThreadLocalUtil] Unsupported JNI version detected, this may result in a crash. Please inform LWJGL developers.
[12:31:59] [Render thread/INFO] (Minecraft) Environment: authHost='https://authserver.mojang.com', accountsHost='https://api.mojang.com', sessionHost='https://sessionserver.mojang.com', servicesHost='https://api.minecraftservices.com', name='PROD'
[12:32:01] [Render thread/ERROR] (Minecraft) Failed to verify authentication
com.mojang.authlib.exceptions.InvalidCredentialsException: Status: 401
	at com.mojang.authlib.exceptions.MinecraftClientHttpException.toAuthenticationException(MinecraftClientHttpException.java:56) ~[authlib-4.0.43.jar:?]
	at com.mojang.authlib.yggdrasil.YggdrasilUserApiService.fetchProperties(YggdrasilUserApiService.java:156) ~[authlib-4.0.43.jar:?]
	at com.mojang.authlib.yggdrasil.YggdrasilUserApiService.<init>(YggdrasilUserApiService.java:55) ~[authlib-4.0.43.jar:?]
	at com.mojang.authlib.yggdrasil.YggdrasilAuthenticationService.createUserApiService(YggdrasilAuthenticationService.java:124) ~[authlib-4.0.43.jar:?]
	at net.minecraft.client.MinecraftClient.createUserApiService(MinecraftClient.java:733) ~[minecraft-merged-487d1d375f-1.20.1-net.fabricmc.yarn.1_20_1.1.20.1+build.10-v2.jar:?]
	at net.minecraft.client.MinecraftClient.<init>(MinecraftClient.java:442) ~[minecraft-merged-487d1d375f-1.20.1-net.fabricmc.yarn.1_20_1.1.20.1+build.10-v2.jar:?]
	at net.minecraft.client.main.Main.main(Main.java:211) ~[minecraft-merged-487d1d375f-1.20.1-net.fabricmc.yarn.1_20_1.1.20.1+build.10-v2.jar:?]
	at net.fabricmc.loader.impl.game.minecraft.MinecraftGameProvider.launch(MinecraftGameProvider.java:517) ~[fabric-loader-0.19.5.jar:?]
	at net.fabricmc.loader.impl.launch.knot.Knot.launch(Knot.java:72) ~[fabric-loader-0.19.5.jar:?]
	at net.fabricmc.loader.impl.launch.knot.KnotClient.main(KnotClient.java:23) ~[fabric-loader-0.19.5.jar:?]
	at net.fabricmc.devlaunchinjector.Main.main(Main.java:86) ~[dev-launch-injector-0.2.1+build.8.jar:?]
Caused by: com.mojang.authlib.exceptions.MinecraftClientHttpException: Status: 401
	at com.mojang.authlib.minecraft.client.MinecraftClient.readInputStream(MinecraftClient.java:85) ~[authlib-4.0.43.jar:?]
	at com.mojang.authlib.minecraft.client.MinecraftClient.get(MinecraftClient.java:48) ~[authlib-4.0.43.jar:?]
	at com.mojang.authlib.yggdrasil.YggdrasilUserApiService.fetchProperties(YggdrasilUserApiService.java:129) ~[authlib-4.0.43.jar:?]
	... 9 more
[12:32:01] [Render thread/INFO] (Minecraft) Setting user: Player671
[12:32:01] [Render thread/INFO] (lazymaterialgathering) Hello Fabric world!
[12:32:02] [Render thread/INFO] (Indigo) [Indigo] Registering Indigo renderer!
[12:32:03] [Worker-Main-1/INFO] (Mod Menu/Update Checker) Checking mod updates...
[12:32:05] [Render thread/INFO] (Minecraft) Backend library: LWJGL version 3.3.2-snapshot
[12:32:09] [Render thread/INFO] (Minecraft) Reloading ResourceManager: vanilla, fabric (fabric-events-lifecycle-v0, fabric-rendering-v0, fabric-screen-handler-api-v1, fabric-lifecycle-events-v1, fabric-item-api-v1, fabric-api-base, fabric-biome-api-v1, fabric-game-rule-api-v1, fabric-rendering-fluids-v1, fabric-rendering-v1, fabric-networking-v0, fabric-events-interaction-v0, fabric-transfer-api-v1, fabric-api-lookup-api-v1, fabric-command-api-v2, fabric-transitive-access-wideners-v1, fabric-renderer-indigo, fabric-renderer-registries-v1, fabric-mining-level-api-v1, fabric-commands-v0, fabric-object-builder-api-v1, fabric-particles-v1, fabric-networking-api-v1, fabric-containers-v0, fabric-screen-api-v1, fabric-command-api-v1, modmenu, fabric-model-loading-api-v1, fabric-convention-tags-v1, fabric-block-view-api-v2, fabricloader, fabric-client-tags-api-v1, fabric-keybindings-v0, litematica, fabric-rendering-data-attachment-v1, fabric-resource-conditions-api-v1, fabric-loot-tables-v1, fabric-models-v0, fabric-registry-sync-v0, fabric-tag-api-v1, fabric-content-registries-v0, fabric-sound-api-v1, fabric-dimensions-v1, fabric-recipe-api-v1, fabric-block-api-v1, fabric-resource-loader-v0, fabric-entity-events-v1, fabric-message-api-v1, fabric-data-generation-api-v1, fabric-loot-api-v2, fabric-renderer-api-v1, fabric-data-attachment-api-v1, fabric-key-binding-api-v1, fabric-gametest-api-v1, fabric-api, fabric-item-group-api-v1, fabric-blockrenderlayer-v1, fabric-crash-report-info-v1, lazymaterialgathering, malilib)
[12:32:09] [Worker-Main-4/INFO] (Minecraft) Found unifont_all_no_pua-15.0.06.hex, loading
[12:32:10] [Render thread/INFO] (Minecraft) [CHAT] [Baritone] Baritone settings file not found, resetting.
[12:32:10] [Realms Notification Availability checker #1/INFO] (Minecraft) Could not authorize you against Realms server: java.lang.RuntimeException: Failed to parse into SignedJWT: FabricMC
[12:32:11] [Render thread/INFO] (Minecraft) [STDOUT]: [nether-pathfinder] Created temp file at C:\Users\stellar\AppData\Local\Temp\nether_pathfinder-x86_6417398139464811272682.dll
[12:32:11] [Render thread/INFO] (Minecraft) [STDERR]: [nether-pathfinder] Failed to delete temp file
[12:32:11] [Render thread/INFO] (Minecraft) [STDOUT]: [nether-pathfinder] Loaded shared library
[12:32:13] [Render thread/WARN] (Minecraft) Missing sound for event: minecraft:item.goat_horn.play
[12:32:13] [Render thread/WARN] (Minecraft) Missing sound for event: minecraft:entity.goat.screaming.horn_break
[12:32:14] [Render thread/INFO] (Minecraft) OpenAL initialized on device OpenAL Soft on Speaker (Realtek(R) Audio)
[12:32:14] [Render thread/INFO] (Minecraft) Sound engine started
[12:32:14] [Render thread/INFO] (Minecraft) Created: 1024x512x4 minecraft:textures/atlas/blocks.png-atlas
[12:32:16] [Render thread/INFO] (Minecraft) Created: 256x256x4 minecraft:textures/atlas/signs.png-atlas
[12:32:16] [Render thread/INFO] (Minecraft) Created: 512x512x4 minecraft:textures/atlas/shield_patterns.png-atlas
[12:32:16] [Render thread/INFO] (Minecraft) Created: 512x512x4 minecraft:textures/atlas/banner_patterns.png-atlas
[12:32:16] [Render thread/INFO] (Minecraft) Created: 1024x1024x4 minecraft:textures/atlas/armor_trims.png-atlas
[12:32:16] [Render thread/INFO] (Minecraft) Created: 256x256x4 minecraft:textures/atlas/chest.png-atlas
[12:32:16] [Render thread/INFO] (Minecraft) Created: 128x64x4 minecraft:textures/atlas/decorated_pot.png-atlas
[12:32:16] [Render thread/INFO] (Minecraft) Created: 512x256x4 minecraft:textures/atlas/beds.png-atlas
[12:32:16] [Render thread/INFO] (Minecraft) Created: 512x256x4 minecraft:textures/atlas/shulker_boxes.png-atlas
[12:32:16] [Render thread/WARN] (Minecraft) Shader rendertype_entity_translucent_emissive could not find sampler named Sampler2 in the specified shader program.
[12:32:17] [Render thread/INFO] (Minecraft) Created: 256x256x0 minecraft:textures/atlas/particles.png-atlas
[12:32:17] [Render thread/INFO] (Minecraft) Created: 256x256x0 minecraft:textures/atlas/paintings.png-atlas
[12:32:17] [Render thread/INFO] (Minecraft) Created: 128x128x0 minecraft:textures/atlas/mob_effects.png-atlas
[12:32:43] [IO-Worker-12/INFO] (Minecraft) System default audio device has changed!
[12:32:43] [Render thread/WARN] (Minecraft) Missing sound for event: minecraft:item.goat_horn.play
[12:32:43] [Render thread/WARN] (Minecraft) Missing sound for event: minecraft:entity.goat.screaming.horn_break
[12:32:43] [Render thread/INFO] (Minecraft) OpenAL initialized on device OpenAL Soft on Headphones (WH-CH520)
[12:32:43] [Render thread/INFO] (Minecraft) Sound engine started
[12:32:45] [Render thread/INFO] (Minecraft) Audio device was lost!
[12:32:45] [Render thread/WARN] (Minecraft) Missing sound for event: minecraft:item.goat_horn.play
[12:32:45] [Render thread/WARN] (Minecraft) Missing sound for event: minecraft:entity.goat.screaming.horn_break
[12:32:46] [Render thread/INFO] (Minecraft) OpenAL initialized on device OpenAL Soft on Speaker (Realtek(R) Audio)
[12:32:46] [Render thread/INFO] (Minecraft) Sound engine started
[12:32:46] [IO-Worker-12/INFO] (Minecraft) System default audio device has changed!
[12:32:46] [Render thread/WARN] (Minecraft) Missing sound for event: minecraft:item.goat_horn.play
[12:32:46] [Render thread/WARN] (Minecraft) Missing sound for event: minecraft:entity.goat.screaming.horn_break
[12:32:46] [Render thread/INFO] (Minecraft) OpenAL initialized on device OpenAL Soft on Speaker (Realtek(R) Audio)
[12:32:46] [Render thread/INFO] (Minecraft) Sound engine started
[12:32:48] [IO-Worker-12/INFO] (Minecraft) System default audio device has changed!
[12:32:48] [Render thread/WARN] (Minecraft) Missing sound for event: minecraft:item.goat_horn.play
[12:32:48] [Render thread/WARN] (Minecraft) Missing sound for event: minecraft:entity.goat.screaming.horn_break
[12:32:48] [Render thread/INFO] (Minecraft) OpenAL initialized on device OpenAL Soft on Headphones (WH-CH520)
[12:32:48] [Render thread/INFO] (Minecraft) Sound engine started
[12:33:57] [IO-Worker-12/INFO] (Minecraft) System default audio device has changed!
[12:33:57] [Render thread/WARN] (Minecraft) Missing sound for event: minecraft:item.goat_horn.play
[12:33:57] [Render thread/WARN] (Minecraft) Missing sound for event: minecraft:entity.goat.screaming.horn_break
[12:33:58] [Render thread/INFO] (Minecraft) OpenAL initialized on device OpenAL Soft on Speaker (Realtek(R) Audio)
[12:33:58] [Render thread/INFO] (Minecraft) Sound engine started
[12:34:17] [Render thread/INFO] (Minecraft) Loaded 7 recipes
[12:34:17] [Render thread/INFO] (Minecraft) Loaded 1271 advancements
[12:34:17] [Render thread/INFO] (BiomeModificationImpl) Applied 0 biome modifications to 0 of 64 new biomes in 1.509 ms
[12:34:18] [Server thread/INFO] (Minecraft) Starting integrated minecraft server version 1.20.1
[12:34:18] [Server thread/INFO] (Minecraft) Generating keypair
[12:34:19] [Server thread/INFO] (Minecraft) Preparing start region for dimension minecraft:overworld
[12:34:23] [Render thread/INFO] (Minecraft) Preparing spawn area: 0%
[12:34:24] [Render thread/INFO] (Minecraft) Preparing spawn area: 0%
[12:34:24] [Render thread/INFO] (Minecraft) Preparing spawn area: 0%
[12:34:24] [Render thread/INFO] (Minecraft) Preparing spawn area: 0%
[12:34:24] [Render thread/INFO] (Minecraft) Preparing spawn area: 0%
[12:34:24] [Render thread/INFO] (Minecraft) Preparing spawn area: 0%
[12:34:24] [Render thread/INFO] (Minecraft) Preparing spawn area: 0%
[12:34:24] [Render thread/INFO] (Minecraft) Preparing spawn area: 0%
[12:34:24] [Render thread/INFO] (Minecraft) Preparing spawn area: 0%
[12:34:24] [Render thread/INFO] (Minecraft) Preparing spawn area: 0%
[12:34:25] [Render thread/INFO] (Minecraft) Preparing spawn area: 1%
[12:34:25] [Render thread/INFO] (Minecraft) Preparing spawn area: 1%
[12:34:26] [Render thread/INFO] (Minecraft) Preparing spawn area: 99%
[12:34:26] [Render thread/INFO] (Minecraft) Time elapsed: 6015 ms
[12:34:26] [Server thread/INFO] (Minecraft) Changing view distance to 12, from 10
[12:34:26] [Server thread/INFO] (Minecraft) Changing simulation distance to 12, from 0
[12:34:27] [Server thread/INFO] (Minecraft) Player671[local:E:f3d0c5fc] logged in with entity id 127 at (7.809636256801149, 95.0, -9.406921326828678)
[12:34:27] [Server thread/INFO] (Minecraft) Player671 joined the game
[12:34:28] [Render thread/INFO] (Minecraft) [STDOUT]: Baritone world data dir: C:\Users\stellar\IdeaProjects\lazymaterialgathering\run\saves\New World\.\baritone\minecraft\overworld_384
[12:34:28] [Render thread/INFO] (Minecraft) [STDOUT]: Cached world directory: C:\Users\stellar\IdeaProjects\lazymaterialgathering\run\saves\New World\.\baritone\minecraft\overworld_384\cache
[12:34:28] [Render thread/INFO] (Minecraft) [STDOUT]: Would save waypoints to C:\Users\stellar\IdeaProjects\lazymaterialgathering\run\saves\New World\.\baritone\minecraft\overworld_384\waypoints
[12:34:28] [Render thread/INFO] (litematica) Using 3 total BufferBuilder caches
[12:34:28] [Render thread/WARN] (Minecraft) Unable to read property: east with value: false for blockstate: {Name:"minecraft:cobblestone_wall",Properties:{east:"false",north:"false",south:"false",up:"false",west:"false"}}
[12:34:28] [Render thread/WARN] (Minecraft) Unable to read property: south with value: false for blockstate: {Name:"minecraft:cobblestone_wall",Properties:{east:"false",north:"false",south:"false",up:"false",west:"false"}}
[12:34:28] [Render thread/WARN] (Minecraft) Unable to read property: north with value: false for blockstate: {Name:"minecraft:cobblestone_wall",Properties:{east:"false",north:"false",south:"false",up:"false",west:"false"}}
[12:34:28] [Render thread/WARN] (Minecraft) Unable to read property: west with value: false for blockstate: {Name:"minecraft:cobblestone_wall",Properties:{east:"false",north:"false",south:"false",up:"false",west:"false"}}
[12:34:28] [Render thread/WARN] (Minecraft) Unable to read property: east with value: false for blockstate: {Name:"minecraft:mossy_cobblestone_wall",Properties:{east:"false",north:"false",south:"false",up:"false",west:"false"}}
[12:34:28] [Render thread/WARN] (Minecraft) Unable to read property: south with value: false for blockstate: {Name:"minecraft:mossy_cobblestone_wall",Properties:{east:"false",north:"false",south:"false",up:"false",west:"false"}}
[12:34:28] [Render thread/WARN] (Minecraft) Unable to read property: north with value: false for blockstate: {Name:"minecraft:mossy_cobblestone_wall",Properties:{east:"false",north:"false",south:"false",up:"false",west:"false"}}
[12:34:28] [Render thread/WARN] (Minecraft) Unable to read property: west with value: false for blockstate: {Name:"minecraft:mossy_cobblestone_wall",Properties:{east:"false",north:"false",south:"false",up:"false",west:"false"}}
[12:34:29] [pool-5-thread-1/INFO] (Minecraft) [STDOUT]: Loading region -1,-1 from disk C:\Users\stellar\IdeaProjects\lazymaterialgathering\run\saves\New World\.\baritone\minecraft\overworld_384\cache
[12:34:29] [Render thread/INFO] (Minecraft) Loaded 2 advancements
[12:34:29] [pool-5-thread-1/INFO] (Minecraft) [STDOUT]: Loaded region successfully in 161ms
[12:34:29] [pool-5-thread-1/INFO] (Minecraft) [STDOUT]: Loading region -1,0 from disk C:\Users\stellar\IdeaProjects\lazymaterialgathering\run\saves\New World\.\baritone\minecraft\overworld_384\cache
[12:34:29] [pool-5-thread-1/INFO] (Minecraft) [STDOUT]: Loaded region successfully in 110ms
[12:34:33] [pool-5-thread-1/INFO] (Minecraft) [STDOUT]: Loading region 0,-1 from disk C:\Users\stellar\IdeaProjects\lazymaterialgathering\run\saves\New World\.\baritone\minecraft\overworld_384\cache
[12:34:33] [pool-5-thread-1/INFO] (Minecraft) [STDOUT]: Loaded region successfully in 171ms
[12:34:33] [pool-5-thread-1/INFO] (Minecraft) [STDOUT]: Loading region 0,0 from disk C:\Users\stellar\IdeaProjects\lazymaterialgathering\run\saves\New World\.\baritone\minecraft\overworld_384\cache
[12:34:34] [pool-5-thread-1/INFO] (Minecraft) [STDOUT]: Loaded region successfully in 117ms
[12:34:58] [pool-5-thread-2/INFO] (Minecraft) [STDOUT]: Saving region -1,0 to disk C:\Users\stellar\IdeaProjects\lazymaterialgathering\run\saves\New World\.\baritone\minecraft\overworld_384\cache
[12:34:58] [ForkJoinPool.commonPool-worker-1/INFO] (Minecraft) [STDOUT]: Saving region 0,-1 to disk C:\Users\stellar\IdeaProjects\lazymaterialgathering\run\saves\New World\.\baritone\minecraft\overworld_384\cache
[12:34:58] [ForkJoinPool.commonPool-worker-2/INFO] (Minecraft) [STDOUT]: Saving region -1,-1 to disk C:\Users\stellar\IdeaProjects\lazymaterialgathering\run\saves\New World\.\baritone\minecraft\overworld_384\cache
[12:34:58] [ForkJoinPool.commonPool-worker-3/INFO] (Minecraft) [STDOUT]: Saving region 0,0 to disk C:\Users\stellar\IdeaProjects\lazymaterialgathering\run\saves\New World\.\baritone\minecraft\overworld_384\cache
[12:34:58] [pool-5-thread-2/INFO] (Minecraft) [STDOUT]: Saved region successfully
[12:34:58] [ForkJoinPool.commonPool-worker-1/INFO] (Minecraft) [STDOUT]: Saved region successfully
[12:34:58] [ForkJoinPool.commonPool-worker-2/INFO] (Minecraft) [STDOUT]: Saved region successfully
[12:34:58] [ForkJoinPool.commonPool-worker-3/INFO] (Minecraft) [STDOUT]: Saved region successfully
[12:34:58] [pool-5-thread-2/INFO] (Minecraft) [STDOUT]: World save took 186ms
[12:35:22] [Render thread/INFO] (Minecraft) [CHAT] [Baritone] > set
[12:35:22] [Render thread/INFO] (Minecraft) [CHAT] [Baritone] All settings:
[12:35:22] [Render thread/INFO] (Minecraft) [CHAT] [Baritone] acceptableThrowawayItems (List<Item>)
[12:35:22] [Render thread/INFO] (Minecraft) [CHAT] [Baritone] allowBreak (Boolean)
[12:35:22] [Render thread/INFO] (Minecraft) [CHAT] [Baritone] allowBreakAnyway (List<Block>)
[12:35:22] [Render thread/INFO] (Minecraft) [CHAT] [Baritone] allowDiagonalAscend (Boolean)
[12:35:22] [Render thread/INFO] (Minecraft) [CHAT] [Baritone] allowDiagonalDescend (Boolean)
[12:35:22] [Render thread/INFO] (Minecraft) [CHAT] [Baritone] allowDownward (Boolean)
[12:35:22] [Render thread/INFO] (Minecraft) [CHAT] [Baritone] allowInventory (Boolean)
[12:35:22] [Render thread/INFO] (Minecraft) [CHAT] [Baritone] allowJumpAtBuildLimit (Boolean)
[12:35:22] [Render thread/INFO] (Minecraft) [CHAT] [Baritone] << | >> 1/31
[12:36:20] [Server thread/INFO] (Minecraft) Saving and pausing game...
[12:36:20] [Server thread/INFO] (Minecraft) Saving chunks for level 'ServerLevel[New World]'/minecraft:overworld
[12:36:20] [Server thread/INFO] (Minecraft) Saving chunks for level 'ServerLevel[New World]'/minecraft:the_end
[12:36:20] [Server thread/INFO] (Minecraft) Saving chunks for level 'ServerLevel[New World]'/minecraft:the_nether
[12:36:21] [Server thread/INFO] (Minecraft) Player671 lost connection: Disconnected
[12:36:21] [Server thread/INFO] (Minecraft) Player671 left the game
[12:36:21] [Server thread/INFO] (Minecraft) Stopping singleplayer server as player logged out
[12:36:21] [Server thread/INFO] (Minecraft) Stopping server
[12:36:21] [Server thread/INFO] (Minecraft) Saving players
[12:36:21] [Server thread/INFO] (Minecraft) Saving worlds
[12:36:21] [Server thread/INFO] (Minecraft) Saving chunks for level 'ServerLevel[New World]'/minecraft:overworld
[12:36:22] [Server thread/INFO] (Minecraft) Saving chunks for level 'ServerLevel[New World]'/minecraft:the_end
[12:36:22] [Server thread/INFO] (Minecraft) Saving chunks for level 'ServerLevel[New World]'/minecraft:the_nether
[12:36:22] [Server thread/INFO] (Minecraft) ThreadedAnvilChunkStorage (New World): All chunks are saved
[12:36:22] [Server thread/INFO] (Minecraft) ThreadedAnvilChunkStorage (DIM1): All chunks are saved
[12:36:22] [Server thread/INFO] (Minecraft) ThreadedAnvilChunkStorage (DIM-1): All chunks are saved
[12:36:22] [Server thread/INFO] (Minecraft) ThreadedAnvilChunkStorage: All dimensions are saved
